000-make-index/results/resources-broad-hg38-v0-Homo_sapiens_assembly38.snap